# SQL을 이용한 데이터 조작

## - 데이터 검색 

###  1. `SELECT` 문

* 기본 검색

  * SELECT 키워드와 함께 검색하고 싶은 속성의 이름을 나열
  * FROM 키워드와 함께 검색하고 싶은 속성이 있는 테이블의 이름을 나열
  * 검색 결과는 테이블 형태로 반환된다.

* 기본 구문(가장 많이 사용하는 형태로 요약한 구조)

  ```sql
  SELECT [ALL | DISTINCT] select_expr
  	FROM table_references
  	[WHERE where_condition]
	[GROUP BY {col_name | expr | position}]
  	[HAVING where_condition]
  	[ORDER BY {col_name | expr | position}];
  ```
  
  * `[ALL | DISTNCT]` : 중복의 허용 여부 결정(Default : ALL - 중복 허용)
  
  

#### - 적용 예제

#### 1) SELECT  1 

##### Query : 고객 테이블에서 고객 아이디, 이름, 등급을 검색

```mysql
MariaDB [판매]> SELECT 고객아이디, 고객이름, 등급
    -> FROM 고객 ;
+------------+----------+--------+
| 고객아이디 | 고객이름 | 등급   |
+------------+----------+--------+
| apple      | 정소화   | gold   |
| banana     | 김선우   | vip    |
| carrot     | 고명석   | gold   |
| melon      | 성원용   | gold   |
| orange     | 김용욱   | silver |
| peach      | 오형준   | silver |
| pear       | 채광주   | silver |
| strawberry | 최유경   | vip    |
| tomato     | 정은심   | gold   |
+------------+----------+--------+
9 rows in set (0.002 sec)

```

* 실행 순서

  * 테이블을 먼저 확인(FROM)하고, 필요한 필드를 선택함(SELECT 절)

  

#### 2) SELECT 2

##### Query : 고객 테이블에 존재하는 모든 속성 검색

* `*`(asterisk)는 모든 column을 의미함.

  ```mysql
  -- 모든 열을 일일이 다 나열해줘도 됨
  MariaDB [판매]> SELECT 고객아이디, 고객이름, 나이, 등급, 직업, 적립금
      -> FROM 고객 ;
  +------------+----------+------+--------+--------+--------+
  | 고객아이디 | 고객이름 | 나이 | 등급   | 직업   | 적립금 |
  +------------+----------+------+--------+--------+--------+
  | apple      | 정소화   |   20 | gold   | 학생   |   1000 |
  | banana     | 김선우   |   25 | vip    | 간호사 |   2500 |
  | carrot     | 고명석   |   28 | gold   | 교사   |   4500 |
  | melon      | 성원용   |   35 | gold   | 회사원 |   5000 |
  | orange     | 김용욱   |   22 | silver | 학생   |      0 |
  | peach      | 오형준   | NULL | silver | 의사   |    300 |
  | pear       | 채광주   |   31 | silver | 회사원 |    500 |
  | strawberry | 최유경   |   30 | vip    | 공무원 |    100 |
  | tomato     | 정은심   |   36 | gold   | NULL   |    100 |
  +------------+----------+------+--------+--------+--------+
  9 rows in set (0.000 sec)
  
  -- asterisk를 사용하면 더욱 쉽게 접근 가능
  MariaDB [판매]> SELECT *
      -> FROM 고객 ;
  +------------+----------+------+--------+--------+--------+
  | 고객아이디 | 고객이름 | 나이 | 등급   | 직업   | 적립금 |
  +------------+----------+------+--------+--------+--------+
  | apple      | 정소화   |   20 | gold   | 학생   |   1000 |
  | banana     | 김선우   |   25 | vip    | 간호사 |   2500 |
  | carrot     | 고명석   |   28 | gold   | 교사   |   4500 |
  | melon      | 성원용   |   35 | gold   | 회사원 |   5000 |
  | orange     | 김용욱   |   22 | silver | 학생   |      0 |
  | peach      | 오형준   | NULL | silver | 의사   |    300 |
  | pear       | 채광주   |   31 | silver | 회사원 |    500 |
  | strawberry | 최유경   |   30 | vip    | 공무원 |    100 |
  | tomato     | 정은심   |   36 | gold   | NULL   |    100 |
  +------------+----------+------+--------+--------+--------+
  9 rows in set (0.000 sec)
  ```

  * 위 아래의 쿼리는 동일한 결과를 반환한다.
  * 테이블의 컬럼이 적은 경우에는 일일이 나열해도 되지만, 많아지면 `*`를 사용하는 것이 더 편하다.

  

#### 3) ALL / DISTINCT 

##### Query : 제품 테이블에서 제조업체 속성을 검색, 거래하는 제조업체를 확인하기.

* ALL과 DISTINCT를 사용해 차이를 비교해보기

```mysql
-- ALL(생략 가능)은 중복을 허용하여 결과를 반환함
MariaDB [판매]> SELECT ALL 제조업체
    -> FROM 제품;
+----------+
| 제조업체 |
+----------+
| 대한식품 |
| 민국푸드 |
| 한빛제과 |
| 한빛제과 |
| 대한식품 |
| 민국푸드 |
| 한빛제과 |
+----------+
7 rows in set (0.001 sec)

-- DISTINCT 옵션은 중복을 제거하고 결과를 반환한다.
MariaDB [판매]> SELECT DISTINCT 제조업체
    -> FROM 제품;
+----------+
| 제조업체 |
+----------+
| 대한식품 |
| 민국푸드 |
| 한빛제과 |
+----------+
3 rows in set (0.000 sec)
```





### 2. ALIAS

* 출력되는 필드(속성)의 이름을 바꾸어서 출력하는 방법으로 Alias를 사용할 수 있다.

* AS 키워드를 통해 속성이름을 바꾸어 출력할 수 있다.
  
  * AS 키워드는 생략이 가능하지만, **가독성을 위해 쓰는 것을 추천**
  
* 적용 예시

  * 제품 테이블에서 제품명과 단가 검색, 단, 단가를 기존단가로 변경

  ```mysql
  MariaDB [판매]> SELECT 제품명, 단가 AS 기존단가
      -> FROM 제품;
  +------------+----------+
  | 제품명     | 기존단가 |
  +------------+----------+
  | 그냥만두   |     4950 |
  | 매운쫄면   |     6050 |
  | 쿵떡파이   |     2860 |
  | 맛난초콜릿 |     2750 |
  | 얼큰라면   |     1320 |
  | 통통우동   |     1705 |
  | 달콤비스킷 |     1650 |
  +------------+----------+
  7 rows in set (0.000 sec)
  ```

  

### 3. 산술식을 이용한 검색

* SELECT 키워드와 함께 산술식을 사용 가능하다.

* 속성 산술연산자('+', '-', '*', '/' ) 상수와 같이 사용 가능(Ex. 단가 * 1.1)

* 속성 값이 실제 변경되는 것이 아니고, 결과 테이블에서만 계산된 결과값이 출력된다.

* 새 별명에 공백이 있는 경우, 작은 따옴표 OR 큰 따옴표로 묶어줘야한다.(실험 결과 backtick도 가능)

  * TABLE을 만들 때는 메모리 공간과 관련된 문제이므로 backtick을 사용해야하지만, 
  * 결과 출력에는 단순 출력에 관한 문제이므로 작은(큰)따옴표 사용 가능

#### - 적용 예제

##### Query 1 : 제품 테이블에서 제품명과 단가 속성을 출력하되, 단가에 500원을 더해 '조정단가'라는 새 이름으로 출력

```mysql
MariaDB [판매]> SELECT 제품명, 단가 AS 기존단가, 단가+500 AS 조정단가
    -> FROM 제품;
+------------+----------+----------+
| 제품명     | 기존단가 | 조정단가 |
+------------+----------+----------+
| 그냥만두   |     4950 |     5450 |
| 매운쫄면   |     6050 |     6550 |
| 쿵떡파이   |     2860 |     3360 |
| 맛난초콜릿 |     2750 |     3250 |
| 얼큰라면   |     1320 |     1820 |
| 통통우동   |     1705 |     2205 |
| 달콤비스킷 |     1650 |     2150 |
+------------+----------+----------+
7 rows in set (0.000 sec) 
```



---



##### Query 2 : 제품 테이블에서 제품명과 단가 속성을 출력하되, 단가에 500원을 더해 '조정 단가'라는 새 이름으로 출력(이름에 공백 포함)

```mysql
-- 공백 단어를 묶지 않는 경우
MariaDB [판매]> SELECT 제품명, 단가 AS 기존단가, 단가+500 AS 조정 단가
    -> FROM 제품;
ERROR 1064 (42000): You have an error in your SQL syntax; check the manual that corresponds to your MariaDB server version for the right syntax to use near '단가
FROM 제품' at line 1
-- syntax 오류 발생

-- 공백 단어를 묶는 경우
MariaDB [판매]> SELECT 제품명, 단가 AS 기존단가, 단가+500 AS '조정 단가'
    -> FROM 제품;
+------------+----------+-----------+
| 제품명     | 기존단가 | 조정 단가 |
+------------+----------+-----------+
| 그냥만두   |     4950 |      5450 |
| 매운쫄면   |     6050 |      6550 |
| 쿵떡파이   |     2860 |      3360 |
| 맛난초콜릿 |     2750 |      3250 |
| 얼큰라면   |     1320 |      1820 |
| 통통우동   |     1705 |      2205 |
| 달콤비스킷 |     1650 |      2150 |
+------------+----------+-----------+
7 rows in set (0.000 sec)
```

























